---
source: tests/util/mod.rs
expression: "String::from_utf8_lossy(&output.stdout)"
---
src/lib.rs:18:5: replace double -> usize with 0
src/lib.rs:18:5: replace double -> usize with 1
src/lib.rs:18:7: replace * with + in double
src/lib.rs:18:7: replace * with / in double
