---
source: tests/cli/main.rs
expression: stdout
---
Found 15 mutants to test
Unmutated baseline ... ok
src/inside_mod.rs:3: replace outer::inner::name -> &'static str with Default::default() ... caught
src/methods.rs:16: replace Foo::double with () ... caught
src/methods.rs:22: replace <impl Display for Foo>::fmt -> fmt::Result with Ok(Default::default()) ... caught
src/methods.rs:28: replace <impl Debug for &Foo>::fmt -> fmt::Result with Ok(Default::default()) ... caught
src/nested_function.rs:1: replace has_nested -> u32 with Default::default() ... caught
src/nested_function.rs:2: replace has_nested::inner -> u32 with Default::default() ... caught
src/result.rs:5: replace simple_result -> Result<&'static str, ()> with Ok(Default::default()) ... caught
src/result.rs:9: replace error_if_negative -> Result<(), ()> with Ok(Default::default()) ... caught
src/simple_fns.rs:7: replace returns_unit with () ... caught
src/simple_fns.rs:12: replace returns_42u32 -> u32 with Default::default() ... caught
src/simple_fns.rs:17: replace divisible_by_three -> bool with true ... caught
src/simple_fns.rs:17: replace divisible_by_three -> bool with false ... caught
src/simple_fns.rs:26: replace double_string -> String with String::new() ... caught
src/simple_fns.rs:26: replace double_string -> String with "xyzzy".into() ... caught
src/struct_with_lifetime.rs:14: replace Lex<'buf>::buf_len -> usize with Default::default() ... caught
15 mutants tested: 15 caught

