---
source: tests/cli/main.rs
expression: buf
---
## testdata/tree/already_failing_doctests

```
src/lib.rs:9: replace takes_one_arg -> usize with Default::default()
```

## testdata/tree/already_failing_tests

```
src/lib.rs:1: replace factorial -> u32 with Default::default()
```

## testdata/tree/already_hangs

```
src/lib.rs:8: replace infinite_loop with ()
```

## testdata/tree/cdylib

```
src/entry.rs:1: replace factorial -> u32 with Default::default()
```

## testdata/tree/cfg_attr_mutants_skip

```
```

## testdata/tree/cfg_attr_test_skip

```
src/lib.rs:17: replace double -> usize with Default::default()
```

## testdata/tree/dependency

```
src/lib.rs:1: replace factorial -> u32 with Default::default()
```

## testdata/tree/everything_skipped

```
```

## testdata/tree/factorial

```
src/bin/factorial.rs:1: replace main with ()
src/bin/factorial.rs:7: replace factorial -> u32 with Default::default()
```

## testdata/tree/fails_without_feature

```
src/bin/factorial.rs:9: replace factorial -> u32 with Default::default()
```

## testdata/tree/hang_avoided_by_attr

```
src/lib.rs:14: replace controlled_loop with ()
```

## testdata/tree/hang_when_mutated

```
src/lib.rs:12: replace should_stop -> bool with true
src/lib.rs:12: replace should_stop -> bool with false
src/lib.rs:25: replace controlled_loop -> usize with Default::default()
```

## testdata/tree/insta

```
src/lib.rs:1: replace say_hello -> String with String::new()
src/lib.rs:1: replace say_hello -> String with "xyzzy".into()
```

## testdata/tree/integration_tests

```
src/lib.rs:1: replace double -> u32 with Default::default()
```

## testdata/tree/mut_ref

```
```

## testdata/tree/never_type

```
```

## testdata/tree/nightly_only

```
src/main.rs:2: replace main with ()
```

## testdata/tree/override_dependency

```
src/lib.rs:6: replace is_even -> bool with true
src/lib.rs:6: replace is_even -> bool with false
```

## testdata/tree/patch_dependency

```
src/lib.rs:6: replace is_even -> bool with true
src/lib.rs:6: replace is_even -> bool with false
```

## testdata/tree/relative_dependency

```
src/lib.rs:5: replace double_factorial -> u32 with Default::default()
```

## testdata/tree/replace_dependency

```
src/lib.rs:6: replace is_even -> bool with true
src/lib.rs:6: replace is_even -> bool with false
```

## testdata/tree/small_well_tested

```
src/lib.rs:4: replace factorial -> u32 with Default::default()
```

## testdata/tree/strict_warnings

```
src/lib.rs:5: replace some_fn -> usize with Default::default()
```

## testdata/tree/struct_with_no_default

```
src/lib.rs:11: replace make_an_s -> S with Default::default()
```

## testdata/tree/typecheck_fails

```
src/lib.rs:5: replace try_value_coercion -> String with String::new()
src/lib.rs:5: replace try_value_coercion -> String with "xyzzy".into()
```

## testdata/tree/unapply

```
src/a.rs:1: replace one -> i32 with Default::default()
src/b.rs:1: replace one_untested -> i32 with Default::default()
src/c.rs:1: replace one -> i32 with Default::default()
```

## testdata/tree/unsafe

```
```

## testdata/tree/well_tested

```
src/inside_mod.rs:3: replace outer::inner::name -> &'static str with Default::default()
src/methods.rs:16: replace Foo::double with ()
src/methods.rs:22: replace <impl Display for Foo>::fmt -> fmt::Result with Ok(Default::default())
src/methods.rs:28: replace <impl Debug for &Foo>::fmt -> fmt::Result with Ok(Default::default())
src/nested_function.rs:1: replace has_nested -> u32 with Default::default()
src/nested_function.rs:2: replace has_nested::inner -> u32 with Default::default()
src/result.rs:5: replace simple_result -> Result<&'static str, ()> with Ok(Default::default())
src/result.rs:9: replace error_if_negative -> Result<(), ()> with Ok(Default::default())
src/simple_fns.rs:7: replace returns_unit with ()
src/simple_fns.rs:12: replace returns_42u32 -> u32 with Default::default()
src/simple_fns.rs:17: replace divisible_by_three -> bool with true
src/simple_fns.rs:17: replace divisible_by_three -> bool with false
src/simple_fns.rs:26: replace double_string -> String with String::new()
src/simple_fns.rs:26: replace double_string -> String with "xyzzy".into()
src/struct_with_lifetime.rs:14: replace Lex<'buf>::buf_len -> usize with Default::default()
```

## testdata/tree/with_child_directories

```
src/methods.rs:1: replace double -> usize with Default::default()
src/module/module_methods.rs:1: replace double -> usize with Default::default()
src/module/utils/inside_mod.rs:3: replace outer::inner::name -> &'static str with Default::default()
src/module/utils/nested_function.rs:1: replace has_nested -> u32 with Default::default()
src/module/utils/nested_function.rs:2: replace has_nested::inner -> u32 with Default::default()
src/module/utils/sub_utils/subutils_nested_function.rs:1: replace has_nested -> u32 with Default::default()
src/module/utils/sub_utils/subutils_nested_function.rs:2: replace has_nested::inner -> u32 with Default::default()
```

## testdata/tree/workspace

```
utils/src/lib.rs:1: replace triple -> i32 with Default::default()
main/src/main.rs:11: replace factorial -> u32 with Default::default()
main2/src/main.rs:9: replace triple_3 -> i32 with Default::default()
```


