---
source: tests/cli.rs
expression: "String::from_utf8_lossy(&output.stdout)"
---

