---
source: tests/cli.rs
assertion_line: 41
expression: "String::from_utf8_lossy(&output.stdout)"
---
[
  {
    "file": "src/lib.rs",
    "line": 5,
    "function": "double_factorial",
    "return_type": "-> u32",
    "replacement": "Default::default()"
  }
]
