---
source: tests/cli.rs
expression: "String::from_utf8_lossy(&output.stdout)"
---
src/lib.rs:5: replace try_value_coercion -> String with "".into()
src/lib.rs:5: replace try_value_coercion -> String with "xyzzy".into()

