---
source: tests/cli.rs
expression: stdout
---
Freshen source tree ... ok
Copy source and build products to scratch directory ... done
Unmutated baseline ... ok
Found 15 mutants to test
src/inside_mod.rs:3: replace outer::inner::name -> &'static str with Default::default() ... check ok
src/methods.rs:12: replace Foo::double with () ... check ok
src/methods.rs:18: replace <impl Display for Foo>::fmt -> fmt::Result with Ok(Default::default()) ... check ok
src/methods.rs:24: replace <impl Debug for &Foo>::fmt -> fmt::Result with Ok(Default::default()) ... check ok
src/nested_function.rs:1: replace has_nested -> u32 with Default::default() ... check ok
src/nested_function.rs:2: replace has_nested::inner -> u32 with Default::default() ... check ok
src/result.rs:5: replace simple_result -> Result<&'static str, ()> with Ok(Default::default()) ... check ok
src/result.rs:9: replace error_if_negative -> Result<(), ()> with Ok(Default::default()) ... check ok
src/simple_fns.rs:7: replace returns_unit with () ... check ok
src/simple_fns.rs:12: replace returns_42u32 -> u32 with Default::default() ... check ok
src/simple_fns.rs:17: replace divisible_by_three -> bool with true ... check ok
src/simple_fns.rs:17: replace divisible_by_three -> bool with false ... check ok
src/simple_fns.rs:26: replace double_string -> String with "".into() ... check ok
src/simple_fns.rs:26: replace double_string -> String with "xyzzy".into() ... check ok
src/struct_with_lifetime.rs:14: replace Lex<'buf>::buf_len -> usize with Default::default() ... check ok

