---
source: tests/cli.rs
assertion_line: 41
expression: "String::from_utf8_lossy(&output.stdout)"
---
src/lib.rs:5: replace double_factorial -> u32 with Default::default()

