---
source: tests/cli.rs
assertion_line: 41
expression: "String::from_utf8_lossy(&output.stdout)"
---
[]
