---
source: tests/cli.rs
expression: "String::from_utf8_lossy(&output.stdout)"
---
src/lib.rs:6: replace is_even -> bool with true
src/lib.rs:6: replace is_even -> bool with false

