---
source: tests/main.rs
expression: buf
---
## testdata/already_failing_doctests

```
src/lib.rs:10:5: replace takes_one_arg -> usize with 0
src/lib.rs:10:5: replace takes_one_arg -> usize with 1
src/lib.rs:10:7: replace + with - in takes_one_arg
src/lib.rs:10:7: replace + with * in takes_one_arg
```

## testdata/already_failing_tests

```
src/lib.rs:2:5: replace factorial -> u32 with 0
src/lib.rs:2:5: replace factorial -> u32 with 1
src/lib.rs:4:11: replace *= with += in factorial
src/lib.rs:4:11: replace *= with /= in factorial
```

## testdata/already_hangs

```
src/lib.rs:12:5: replace infinite_loop with ()
```

## testdata/alternate_registry

```
```

## testdata/cdylib

```
src/entry.rs:2:5: replace factorial -> u32 with 0
src/entry.rs:2:5: replace factorial -> u32 with 1
src/entry.rs:4:11: replace *= with += in factorial
src/entry.rs:4:11: replace *= with /= in factorial
```

## testdata/cfg_attr_mutants_skip

```
```

## testdata/cfg_attr_test_skip

```
src/lib.rs:18:5: replace double -> usize with 0
src/lib.rs:18:5: replace double -> usize with 1
src/lib.rs:18:7: replace * with + in double
src/lib.rs:18:7: replace * with / in double
```

## testdata/cfg_test_inner

```
```

## testdata/cross_package_tests

```
lib/src/lib.rs:2:5: replace add -> u32 with 0
lib/src/lib.rs:2:5: replace add -> u32 with 1
lib/src/lib.rs:2:7: replace + with - in add
lib/src/lib.rs:2:7: replace + with * in add
```

## testdata/custom_top_file

```
src/custom_top.rs:2:5: replace is_even -> bool with true
src/custom_top.rs:2:5: replace is_even -> bool with false
src/custom_top.rs:2:11: replace == with != in is_even
src/custom_top.rs:2:7: replace % with / in is_even
src/custom_top.rs:2:7: replace % with + in is_even
```

## testdata/dangling_mod

```
src/main.rs:13:9: replace verify_continue::always_true -> bool with false
```

## testdata/dependency

```
src/lib.rs:2:5: replace factorial -> u32 with 0
src/lib.rs:2:5: replace factorial -> u32 with 1
src/lib.rs:4:11: replace *= with += in factorial
src/lib.rs:4:11: replace *= with /= in factorial
```

## testdata/diff0

```
src/lib.rs:2:5: replace one -> String with String::new()
src/lib.rs:2:5: replace one -> String with "xyzzy".into()
```

## testdata/diff1

```
src/lib.rs:2:5: replace one -> String with String::new()
src/lib.rs:2:5: replace one -> String with "xyzzy".into()
src/lib.rs:6:5: replace two -> String with String::new()
src/lib.rs:6:5: replace two -> String with "xyzzy".into()
```

## testdata/error_value

```
src/lib.rs:4:5: replace zero_is_ok -> Result<u32, &'static str> with Ok(0)
src/lib.rs:4:5: replace zero_is_ok -> Result<u32, &'static str> with Ok(1)
src/lib.rs:4:5: replace zero_is_ok -> Result<u32, &'static str> with Err("injected")
src/lib.rs:4:10: replace == with != in zero_is_ok
```

## testdata/everything_skipped

```
```

## testdata/factorial

```
src/bin/factorial.rs:2:5: replace main with ()
src/bin/factorial.rs:8:5: replace factorial -> u32 with 0
src/bin/factorial.rs:8:5: replace factorial -> u32 with 1
src/bin/factorial.rs:10:11: replace *= with += in factorial
src/bin/factorial.rs:10:11: replace *= with /= in factorial
```

## testdata/fails_without_feature

```
src/bin/factorial.rs:10:5: replace factorial -> u32 with 0
src/bin/factorial.rs:10:5: replace factorial -> u32 with 1
src/bin/factorial.rs:12:11: replace *= with += in factorial
src/bin/factorial.rs:12:11: replace *= with /= in factorial
```

## testdata/hang_avoided_by_attr

```
src/lib.rs:15:5: replace controlled_loop with ()
src/lib.rs:21:28: replace > with == in controlled_loop
src/lib.rs:21:28: replace > with < in controlled_loop
src/lib.rs:21:28: replace > with >= in controlled_loop
src/lib.rs:21:53: replace * with + in controlled_loop
src/lib.rs:21:53: replace * with / in controlled_loop
```

## testdata/hang_when_mutated

```
src/lib.rs:12:5: replace should_stop_const -> bool with false
src/lib.rs:25:5: replace should_stop -> bool with true
src/lib.rs:25:5: replace should_stop -> bool with false
src/lib.rs:38:5: replace controlled_loop -> usize with 0
src/lib.rs:38:5: replace controlled_loop -> usize with 1
src/lib.rs:45:28: replace > with == in controlled_loop
src/lib.rs:45:28: replace > with < in controlled_loop
src/lib.rs:45:28: replace > with >= in controlled_loop
```

## testdata/insta

```
src/lib.rs:2:5: replace say_hello -> String with String::new()
src/lib.rs:2:5: replace say_hello -> String with "xyzzy".into()
```

## testdata/integration_tests

```
src/lib.rs:2:5: replace double -> u32 with 0
src/lib.rs:2:5: replace double -> u32 with 1
src/lib.rs:2:7: replace * with + in double
src/lib.rs:2:7: replace * with / in double
```

## testdata/many_patterns

```
src/binops.rs:2:5: replace binops with ()
src/binops.rs:2:15: replace + with - in binops
src/binops.rs:2:15: replace + with * in binops
src/binops.rs:2:27: replace % with / in binops
src/binops.rs:2:27: replace % with + in binops
src/binops.rs:2:23: replace / with % in binops
src/binops.rs:2:23: replace / with * in binops
src/binops.rs:2:19: replace * with + in binops
src/binops.rs:2:19: replace * with / in binops
src/binops.rs:3:19: replace | with & in binops
src/binops.rs:3:19: replace | with ^ in binops
src/binops.rs:3:15: replace & with | in binops
src/binops.rs:3:15: replace & with ^ in binops
src/binops.rs:3:23: replace ^ with | in binops
src/binops.rs:3:23: replace ^ with & in binops
src/binops.rs:3:32: replace >> with << in binops
src/binops.rs:3:27: replace << with >> in binops
src/binops.rs:5:7: replace += with -= in binops
src/binops.rs:5:7: replace += with *= in binops
src/binops.rs:6:7: replace -= with += in binops
src/binops.rs:6:7: replace -= with /= in binops
src/binops.rs:7:7: replace *= with += in binops
src/binops.rs:7:7: replace *= with /= in binops
src/binops.rs:8:7: replace /= with %= in binops
src/binops.rs:8:7: replace /= with *= in binops
src/binops.rs:11:11: replace < with == in binops
src/binops.rs:11:11: replace < with > in binops
src/binops.rs:11:11: replace < with <= in binops
src/binops.rs:12:11: replace <= with > in binops
src/binops.rs:13:11: replace > with == in binops
src/binops.rs:13:11: replace > with < in binops
src/binops.rs:13:11: replace > with >= in binops
src/binops.rs:14:11: replace >= with < in binops
src/binops.rs:15:11: replace == with != in binops
src/binops.rs:16:11: replace != with == in binops
src/binops.rs:20:5: replace bin_assign -> i32 with 0
src/binops.rs:20:5: replace bin_assign -> i32 with 1
src/binops.rs:20:5: replace bin_assign -> i32 with -1
src/binops.rs:21:7: replace |= with &= in bin_assign
src/binops.rs:21:7: replace |= with ^= in bin_assign
src/binops.rs:22:7: replace ^= with |= in bin_assign
src/binops.rs:22:7: replace ^= with &= in bin_assign
src/binops.rs:23:7: replace &= with |= in bin_assign
src/binops.rs:23:7: replace &= with ^= in bin_assign
src/binops.rs:24:7: replace >>= with <<= in bin_assign
src/binops.rs:25:7: replace <<= with >>= in bin_assign
src/binops.rs:26:7: replace %= with /= in bin_assign
src/binops.rs:26:7: replace %= with += in bin_assign
```

## testdata/missing_test

```
src/lib.rs:2:5: replace is_symlink -> bool with true
src/lib.rs:2:5: replace is_symlink -> bool with false
src/lib.rs:2:33: replace != with == in is_symlink
src/lib.rs:2:22: replace & with | in is_symlink
src/lib.rs:2:22: replace & with ^ in is_symlink
```

## testdata/missing_test_fixed

```
src/lib.rs:2:5: replace is_symlink -> bool with true
src/lib.rs:2:5: replace is_symlink -> bool with false
src/lib.rs:2:34: replace == with != in is_symlink
src/lib.rs:2:22: replace & with | in is_symlink
src/lib.rs:2:22: replace & with ^ in is_symlink
```

## testdata/mut_ref

```
src/lib.rs:2:5: replace returns_mut_ref -> &mut u32 with Box::leak(Box::new(0))
src/lib.rs:2:5: replace returns_mut_ref -> &mut u32 with Box::leak(Box::new(1))
```

## testdata/mutants_attrs

```
src/lib.rs:30:5: replace skip -> TokenStream with Default::default()
```

## testdata/nested_mod

```
src/paths_in_lib/thread_files/tls.rs:2:5: replace always_true -> bool with false
src/paths_in_lib/thread_files_inner_attr/tls.rs:2:5: replace always_true -> bool with false
src/toplevel_file_in_lib.rs:2:5: replace always_true -> bool with false
src/paths_in_main/thread_files/tls.rs:2:5: replace always_true -> bool with false
src/paths_in_main/thread_files_inner_attr/tls.rs:2:5: replace always_true -> bool with false
src/toplevel_file_in_main.rs:2:5: replace always_true -> bool with false
src/block_in_lib/a/b/c_file/d/e/f_file.rs:2:5: replace always_true -> bool with false
src/paths_in_lib/a/foo.rs:2:5: replace always_true -> bool with false
src/paths_in_lib/a/b/inline/other.rs:2:5: replace always_true -> bool with false
src/paths_in_lib/a_mod_file/foo.rs:2:5: replace always_true -> bool with false
src/paths_in_lib/a_mod_file/inline/other.rs:2:5: replace always_true -> bool with false
src/paths_in_lib/../upward_traversal_file_for_lib.rs:2:5: replace always_true -> bool with false
src/block_in_main/a/b/c_file/d/e/f_file.rs:2:5: replace always_true -> bool with false
src/paths_in_main/a/foo.rs:2:5: replace always_true -> bool with false
src/paths_in_main/a/b/inline/other.rs:2:5: replace always_true -> bool with false
src/paths_in_main/a_mod_file/foo.rs:2:5: replace always_true -> bool with false
src/paths_in_main/a_mod_file/inline/other.rs:2:5: replace always_true -> bool with false
src/file_in_lib/a/b/c_file/d/e/f_file.rs:2:5: replace always_true -> bool with false
src/file_in_main/a/b/c_file/d/e/f_file.rs:2:5: replace always_true -> bool with false
```

## testdata/never_type

```
```

## testdata/nightly_only

```
src/lib.rs:3:5: replace box_an_int -> Box<i32> with Box::new(0)
src/lib.rs:3:5: replace box_an_int -> Box<i32> with Box::new(1)
src/lib.rs:3:5: replace box_an_int -> Box<i32> with Box::new(-1)
```

## testdata/override_dependency

```
src/lib.rs:7:5: replace is_even -> bool with true
src/lib.rs:7:5: replace is_even -> bool with false
src/lib.rs:7:11: replace == with != in is_even
src/lib.rs:7:7: replace % with / in is_even
src/lib.rs:7:7: replace % with + in is_even
```

## testdata/package_fails

```
failing/src/lib.rs:2:5: replace triple -> usize with 0
failing/src/lib.rs:2:5: replace triple -> usize with 1
failing/src/lib.rs:2:7: replace * with + in triple
failing/src/lib.rs:2:7: replace * with / in triple
passing/src/lib.rs:2:5: replace triple -> usize with 0
passing/src/lib.rs:2:5: replace triple -> usize with 1
passing/src/lib.rs:2:7: replace * with + in triple
passing/src/lib.rs:2:7: replace * with / in triple
```

## testdata/patch_dependency

```
src/lib.rs:7:5: replace is_even -> bool with true
src/lib.rs:7:5: replace is_even -> bool with false
src/lib.rs:7:11: replace == with != in is_even
src/lib.rs:7:7: replace % with / in is_even
src/lib.rs:7:7: replace % with + in is_even
```

## testdata/proc_macro

```
src/lib.rs:8:5: replace static_len -> TokenStream with Default::default()
src/lib.rs:10:22: delete ! in static_len
```

## testdata/relative_dependency

```
src/lib.rs:4:5: replace double_factorial -> u32 with 0
src/lib.rs:4:5: replace double_factorial -> u32 with 1
src/lib.rs:4:10: replace < with == in double_factorial
src/lib.rs:4:10: replace < with > in double_factorial
src/lib.rs:4:10: replace < with <= in double_factorial
src/lib.rs:7:7: replace * with + in double_factorial
src/lib.rs:7:7: replace * with / in double_factorial
```

## testdata/replace_dependency

```
src/lib.rs:7:5: replace is_even -> bool with true
src/lib.rs:7:5: replace is_even -> bool with false
src/lib.rs:7:11: replace == with != in is_even
src/lib.rs:7:7: replace % with / in is_even
src/lib.rs:7:7: replace % with + in is_even
```

## testdata/small_well_tested

```
src/lib.rs:5:5: replace factorial -> u32 with 0
src/lib.rs:5:5: replace factorial -> u32 with 1
src/lib.rs:7:11: replace *= with += in factorial
src/lib.rs:7:11: replace *= with /= in factorial
```

## testdata/strict_warnings

```
src/lib.rs:6:5: replace some_fn -> usize with 0
src/lib.rs:6:5: replace some_fn -> usize with 1
src/lib.rs:6:7: replace + with - in some_fn
src/lib.rs:6:7: replace + with * in some_fn
```

## testdata/struct_with_no_default

```
src/lib.rs:12:5: replace make_an_s -> S with Default::default()
```

## testdata/symlink

```
src/lib.rs:4:5: replace read_through_symlink -> String with String::new()
src/lib.rs:4:5: replace read_through_symlink -> String with "xyzzy".into()
```

## testdata/typecheck_fails

```
src/lib.rs:6:5: replace try_value_coercion -> String with String::new()
src/lib.rs:6:5: replace try_value_coercion -> String with "xyzzy".into()
src/lib.rs:6:9: replace + with - in try_value_coercion
src/lib.rs:6:9: replace + with * in try_value_coercion
```

## testdata/unapply

```
src/a.rs:2:5: replace one -> i32 with 0
src/a.rs:2:5: replace one -> i32 with -1
src/b.rs:2:5: replace one_untested -> i32 with 0
src/b.rs:2:5: replace one_untested -> i32 with -1
src/c.rs:2:5: replace one -> i32 with 0
src/c.rs:2:5: replace one -> i32 with -1
```

## testdata/unsafe

```
```

## testdata/well_tested

```
src/arc.rs:4:5: replace return_arc -> Arc<String> with Arc::new(String::new())
src/arc.rs:4:5: replace return_arc -> Arc<String> with Arc::new("xyzzy".into())
src/booleans.rs:2:5: replace and -> bool with true
src/booleans.rs:2:5: replace and -> bool with false
src/booleans.rs:2:7: replace && with || in and
src/booleans.rs:6:5: replace or -> bool with true
src/booleans.rs:6:5: replace or -> bool with false
src/booleans.rs:6:7: replace || with && in or
src/booleans.rs:10:5: replace xor -> bool with true
src/booleans.rs:10:5: replace xor -> bool with false
src/booleans.rs:10:7: replace ^ with | in xor
src/booleans.rs:10:7: replace ^ with & in xor
src/booleans.rs:14:5: replace not -> bool with true
src/booleans.rs:14:5: replace not -> bool with false
src/booleans.rs:14:5: delete ! in not
src/inside_mod.rs:4:13: replace outer::inner::name -> &'static str with ""
src/inside_mod.rs:4:13: replace outer::inner::name -> &'static str with "xyzzy"
src/methods.rs:17:9: replace Foo::double with ()
src/methods.rs:17:16: replace *= with += in Foo::double
src/methods.rs:17:16: replace *= with /= in Foo::double
src/methods.rs:23:9: replace <impl fmt::Display for Foo>::fmt -> fmt::Result with Ok(Default::default())
src/methods.rs:29:9: replace <impl fmt::Debug for &Foo>::fmt -> fmt::Result with Ok(Default::default())
src/nested_function.rs:2:5: replace has_nested -> u32 with 0
src/nested_function.rs:2:5: replace has_nested -> u32 with 1
src/nested_function.rs:3:9: replace has_nested::inner -> u32 with 0
src/nested_function.rs:3:9: replace has_nested::inner -> u32 with 1
src/nested_function.rs:5:13: replace * with + in has_nested
src/nested_function.rs:5:13: replace * with / in has_nested
src/numbers.rs:2:5: replace double_float -> f32 with 0.0
src/numbers.rs:2:5: replace double_float -> f32 with 1.0
src/numbers.rs:2:5: replace double_float -> f32 with -1.0
src/numbers.rs:2:9: replace * with + in double_float
src/numbers.rs:2:9: replace * with / in double_float
src/numbers.rs:6:5: replace is_double -> bool with true
src/numbers.rs:6:5: replace is_double -> bool with false
src/numbers.rs:6:7: replace == with != in is_double
src/numbers.rs:6:12: replace * with + in is_double
src/numbers.rs:6:12: replace * with / in is_double
src/numbers.rs:10:5: replace negate_i32 -> i32 with 0
src/numbers.rs:10:5: replace negate_i32 -> i32 with 1
src/numbers.rs:10:5: replace negate_i32 -> i32 with -1
src/numbers.rs:10:5: delete - in negate_i32
src/numbers.rs:14:5: replace negate_f32 -> f32 with 0.0
src/numbers.rs:14:5: replace negate_f32 -> f32 with 1.0
src/numbers.rs:14:5: replace negate_f32 -> f32 with -1.0
src/numbers.rs:14:5: delete - in negate_f32
src/numbers.rs:18:5: replace bitwise_not_i32 -> i32 with 0
src/numbers.rs:18:5: replace bitwise_not_i32 -> i32 with 1
src/numbers.rs:18:5: replace bitwise_not_i32 -> i32 with -1
src/numbers.rs:18:5: delete ! in bitwise_not_i32
src/numbers.rs:22:5: replace bitwise_not_u32 -> u32 with 0
src/numbers.rs:22:5: replace bitwise_not_u32 -> u32 with 1
src/numbers.rs:22:5: delete ! in bitwise_not_u32
src/result.rs:6:5: replace simple_result -> Result<&'static str, ()> with Ok("")
src/result.rs:6:5: replace simple_result -> Result<&'static str, ()> with Ok("xyzzy")
src/result.rs:10:5: replace error_if_negative -> Result<(), ()> with Ok(())
src/result.rs:10:10: replace < with == in error_if_negative
src/result.rs:10:10: replace < with > in error_if_negative
src/result.rs:10:10: replace < with <= in error_if_negative
src/result.rs:18:5: replace result_with_no_apparent_type_args -> std::fmt::Result with Ok(Default::default())
src/sets.rs:4:5: replace make_a_set -> BTreeSet<String> with BTreeSet::new()
src/sets.rs:4:5: replace make_a_set -> BTreeSet<String> with BTreeSet::from_iter([String::new()])
src/sets.rs:4:5: replace make_a_set -> BTreeSet<String> with BTreeSet::from_iter(["xyzzy".into()])
src/simple_fns.rs:8:5: replace returns_unit with ()
src/simple_fns.rs:8:8: replace += with -= in returns_unit
src/simple_fns.rs:8:8: replace += with *= in returns_unit
src/simple_fns.rs:13:5: replace returns_42u32 -> u32 with 0
src/simple_fns.rs:13:5: replace returns_42u32 -> u32 with 1
src/simple_fns.rs:18:5: replace divisible_by_three -> bool with true
src/simple_fns.rs:18:5: replace divisible_by_three -> bool with false
src/simple_fns.rs:18:11: replace == with != in divisible_by_three
src/simple_fns.rs:18:7: replace % with / in divisible_by_three
src/simple_fns.rs:18:7: replace % with + in divisible_by_three
src/simple_fns.rs:27:5: replace double_string -> String with String::new()
src/simple_fns.rs:27:5: replace double_string -> String with "xyzzy".into()
src/slices.rs:4:5: replace pad -> &'a[Cow<'static, str>] with Vec::leak(Vec::new())
src/slices.rs:4:5: replace pad -> &'a[Cow<'static, str>] with Vec::leak(vec![Cow::Borrowed("")])
src/slices.rs:4:5: replace pad -> &'a[Cow<'static, str>] with Vec::leak(vec![Cow::Owned("".to_owned())])
src/slices.rs:4:5: replace pad -> &'a[Cow<'static, str>] with Vec::leak(vec![Cow::Borrowed("xyzzy")])
src/slices.rs:4:5: replace pad -> &'a[Cow<'static, str>] with Vec::leak(vec![Cow::Owned("xyzzy".to_owned())])
src/slices.rs:5:20: replace < with == in pad
src/slices.rs:5:20: replace < with > in pad
src/slices.rs:5:20: replace < with <= in pad
src/slices.rs:13:5: replace return_mut_slice -> &mut[usize] with Vec::leak(Vec::new())
src/slices.rs:13:5: replace return_mut_slice -> &mut[usize] with Vec::leak(vec![0])
src/slices.rs:13:5: replace return_mut_slice -> &mut[usize] with Vec::leak(vec![1])
src/slices.rs:14:12: replace *= with += in return_mut_slice
src/slices.rs:14:12: replace *= with /= in return_mut_slice
src/static_item.rs:1:33: replace == with !=
src/static_item.rs:1:39: replace + with -
src/static_item.rs:1:39: replace + with *
src/struct_with_lifetime.rs:15:9: replace Lex<'buf>::buf_len -> usize with 0
src/struct_with_lifetime.rs:15:9: replace Lex<'buf>::buf_len -> usize with 1
src/traits.rs:5:9: replace Something::is_three -> bool with true
src/traits.rs:5:9: replace Something::is_three -> bool with false
src/traits.rs:5:11: replace == with != in Something::is_three
```

## testdata/with_child_directories

```
src/methods.rs:2:5: replace double -> usize with 0
src/methods.rs:2:5: replace double -> usize with 1
src/methods.rs:2:7: replace * with + in double
src/methods.rs:2:7: replace * with / in double
src/module/module_methods.rs:2:5: replace double -> usize with 0
src/module/module_methods.rs:2:5: replace double -> usize with 1
src/module/module_methods.rs:2:7: replace * with + in double
src/module/module_methods.rs:2:7: replace * with / in double
src/module/utils/inside_mod.rs:4:13: replace outer::inner::name -> &'static str with ""
src/module/utils/inside_mod.rs:4:13: replace outer::inner::name -> &'static str with "xyzzy"
src/module/utils/nested_function.rs:2:5: replace has_nested -> u32 with 0
src/module/utils/nested_function.rs:2:5: replace has_nested -> u32 with 1
src/module/utils/nested_function.rs:3:9: replace has_nested::inner -> u32 with 0
src/module/utils/nested_function.rs:3:9: replace has_nested::inner -> u32 with 1
src/module/utils/nested_function.rs:5:13: replace * with + in has_nested
src/module/utils/nested_function.rs:5:13: replace * with / in has_nested
src/module/utils/sub_utils/subutils_nested_function.rs:2:5: replace has_nested -> u32 with 0
src/module/utils/sub_utils/subutils_nested_function.rs:2:5: replace has_nested -> u32 with 1
src/module/utils/sub_utils/subutils_nested_function.rs:3:9: replace has_nested::inner -> u32 with 0
src/module/utils/sub_utils/subutils_nested_function.rs:3:9: replace has_nested::inner -> u32 with 1
src/module/utils/sub_utils/subutils_nested_function.rs:5:13: replace * with + in has_nested
src/module/utils/sub_utils/subutils_nested_function.rs:5:13: replace * with / in has_nested
```

## testdata/workspace

```
utils/src/lib.rs:2:5: replace triple -> i32 with 0
utils/src/lib.rs:2:5: replace triple -> i32 with 1
utils/src/lib.rs:2:5: replace triple -> i32 with -1
utils/src/lib.rs:2:7: replace * with + in triple
utils/src/lib.rs:2:7: replace * with / in triple
main/src/main.rs:12:5: replace factorial -> u32 with 0
main/src/main.rs:12:5: replace factorial -> u32 with 1
main/src/main.rs:14:11: replace *= with += in factorial
main/src/main.rs:14:11: replace *= with /= in factorial
main2/src/main.rs:10:5: replace triple_3 -> i32 with 0
main2/src/main.rs:10:5: replace triple_3 -> i32 with 1
main2/src/main.rs:10:5: replace triple_3 -> i32 with -1
```

## testdata/workspace_default_members

```
main/src/main.rs:1:18: replace + with -
main/src/main.rs:1:18: replace + with *
```
