---
source: tests/insta.rs
expression: say_hello(name)
---
Hello, Robin!
